==============================================================================
PROJECTION-DOCTRINE EXPERIMENT
==============================================================================

  ground truth 25939 positions, plies 1-6
  value distribution {-1: 6768, 1: 19171}

  --- encoding verification (a wrong decode poisons everything) ---
  gravity violations            0 / 25939
  |p0|-|p1| out of range       0
  p0 not a subset of mask       0
  1-ply values                  {-1: 6}  (expect all -1)
  max stones held by one player 3  (<4 required for 0 wins to be correct)

  --- observation ladder ---
    L0 lossless                      84 cols
    L1 colour-collapsed              42 cols
    L3 coarse colour-preserving      36 cols
    L4 hash64 irreversible           64 cols
    L5 stone count only               4 cols

  random  train 20751 / test 5188
  by-ply  train 1653 (plies 1-4) / test 24286 (plies 5-6)

==============================================================================
  OBSERVATION                  LEARNER     random     by-ply     gap
==============================================================================
  L0 lossless                 logreg    0.8944      0.8513     +0.0431
                              knn       0.8393      0.6105     +0.2288
                              mlp       0.9486      0.9150     +0.0336
                              rf-logreg 0.9497      0.9314     +0.0183
  L1 colour-collapsed         logreg    0.8879      0.9202     -0.0324
                              knn       0.9362      0.7235     +0.2127
                              mlp       0.9391      0.8947     +0.0444
                              rf-logreg 0.9274      0.8947     +0.0327
  L3 coarse colour-preserving logreg    0.7690      0.5464     +0.2227
                              knn       0.8552      0.6420     +0.2133
                              mlp       0.8593      0.7411     +0.1181
                              rf-logreg 0.8303      0.7257     +0.1047
  L4 hash64 irreversible      logreg    0.5008      0.5150     -0.0142
                              knn       0.6119      0.5056     +0.1063
                              mlp       0.9586      0.5045     +0.4542
                              rf-logreg 0.6816      0.5167     +0.1649
  L5 stone count only         logreg    0.6678      0.5000     +0.1678
                              knn       0.6678      0.5000     +0.1678
                              mlp       0.6678      0.5000     +0.1678
                              rf-logreg 0.6366      0.6497     -0.0131

  ------------------------------------------------------------------------------
  CONTROL C1 - shuffled labels, same features, same learner
    logreg on L0, shuffled labels      0.5000   (must be ~0.50)

==============================================================================
  PRE-REGISTERED PREDICTION VERDICTS
==============================================================================
Traceback (most recent call last):
  File "/run/csi/mount-root/nas/eab0d61a99b6696edb3d2aff87b585e8/experiments/projection_doctrine.py", line 360, in <module>
    main()
  File "/run/csi/mount-root/nas/eab0d61a99b6696edb3d2aff87b585e8/experiments/projection_doctrine.py", line 347, in main
    ("P1 L0 lossless is high", b0 > 0.90, f"{b0:.4f}"),
                               ^^^^^^^^^
TypeError: '>' not supported between instances of 'tuple' and 'float'
