inner rc=0
[env] device=cuda NVIDIA GeForce RTX 4050 Laptop GPU torch=2.14.0+cu126 smoke=False
[trace   0] ticks=869 closed=True
[trace  40] ticks=1177 closed=True
[trace  80] ticks=619 closed=True
[trace 120] ticks=1200 closed=False
[trace 160] ticks=692 closed=True
[trace 200] ticks=1200 closed=False
[label   0] n=1738
[label  40] n=2354
[label  80] n=1238
[label 120] n=2400
[label 160] n=1384
[label 200] n=2400
[data] train=366346 holdout=90930
[C4] {"vs_b1c": {"ok": true, "shape_match": true, "max_abs_dX": 0.0, "max_abs_dY": 0.0, "max_abs_dMETA": 0.0}, "vs_b1e": {"ok": true, "shape_match": true, "max_abs_dX": 0.0, "max_abs_dY": 0.0, "max_abs_dMETA": 0.0}, "vs_runB": {"ok": true, "shape_match": true, "max_abs_dX": 0.0, "max_abs_dY": 0.0, "max_abs_dMETA": 0.0}, "vs_b1": {"ok": true, "shape_match": true, "max_abs_dX": 0.0, "max_abs_dY": 0.0, "m
[C1 laweq] {'ok': True, 'n': 4000, 'max_abs_diff': 0, 'n_diff': 0}
[atoms] train deadzone=25261 ramp=12448 ramp_frac=0.0340
[INSTRUMENT-01 ramp] {'ramp_s': 0.657, 'synced': True}
[train w64_mse_ep160          2718] 3.3826 -> 0.041772 (8773p) {'learned_a1': 1.0026628971099854, 'learned_k1': 1.5120009183883667}
[train w72_mse_ep160          2718] 2.5351 -> 0.042874 (11021p) {'learned_a1': 0.9846073985099792, 'learned_k1': 1.5010005235671997}
[train w80_mse_ep160          2718] 3.0854 -> 0.076378 (13525p) {'learned_a1': 0.969443142414093, 'learned_k1': 1.5193383693695068}
[train w88_mse_ep160          2718] 2.9 -> 0.010185 (16285p) {'learned_a1': 1.001635193824768, 'learned_k1': 1.50058114528656}
[train w96_2knot_ep160        2718] 2.3451 -> 0.0076581 (19303p) {'learned_a1': 1.0066529512405396, 'learned_k1': 1.5028828382492065, 'learned_a2': -0.019751232117414474, 'learned_k2': 3.0885517597198486}
[reuse single-knot ref] model_hybridv2_w96_mse_seed2718_ep160.pt
[regions] {"clamp": 0.0013, "deadzone": 0.078, "saturation": 0.8839, "ramp": 0.0369}
[gate w64_mse_ep160         ] dz=0.9748 CI[0.9709,0.9784] ramp=0.8933 CI[0.8831,0.9034] ramp@1e-2=0.2361 ramp@1e-3=0.0119 {'learned_a1': 1.0026628971099854, 'learned_k1': 1.5120009183883667}
[gate w72_mse_ep160         ] dz=0.9779 CI[0.9746,0.9811] ramp=0.9401 CI[0.9317,0.9484] ramp@1e-2=0.7513 ramp@1e-3=0.0200 {'learned_a1': 0.9846073985099792, 'learned_k1': 1.5010005235671997}
[gate w80_mse_ep160         ] dz=0.9784 CI[0.9752,0.9818] ramp=0.8852 CI[0.8745,0.8962] ramp@1e-2=0.0686 ramp@1e-3=0.0072 {'learned_a1': 0.969443142414093, 'learned_k1': 1.5193383693695068}
[gate w88_mse_ep160         ] dz=1.0000 CI[1.0000,1.0000] ramp=0.9997 CI[0.9991,1.0000] ramp@1e-2=0.9750 ramp@1e-3=0.7976 {'learned_a1': 1.001635193824768, 'learned_k1': 1.50058114528656}
[gate w96_2knot_ep160       ] dz=1.0000 CI[1.0000,1.0000] ramp=0.9982 CI[0.9967,0.9994] ramp@1e-2=0.9359 ramp@1e-3=0.4174 {'learned_a1': 1.0066529512405396, 'learned_k1': 1.5028828382492065, 'learned_a2': -0.019751232117414474, 'learned_k2': 3.0885517597198486}
[ref single-knot h96_mse_ep160] ramp@5e-2=0.9979 ramp@1e-3=0.8247
[C6 anchor repro vs B1C] max|Δ|=0.00005 ok=True
[C7 anchor vs B1D booked] max|Δ|=0 ok=True
[PART A] hybrid ramp atom-gate floor = 72 (ramp@5e-2 >= 0.90 with CI_low > 0.90) clearing=[72, 88] (mean-only [72, 88])
[PART B] 2knot ramp@1e-3=0.4174 vs 1knot 0.8247 gain=-0.4073 CI[-0.4246,-0.3888] dz=1.0000 ramp=0.9982 G_B1H2=False
RESULT {"lane": "B1H-CODA", "verdict": "KILL", "grain": "TAIL-QUANTIZED", "sentence": "the tail is the map's intrinsic quantization \u2014 B1 closes with the tail booked as a limit.", "named_floor": 72, "named_floor_mean_only": 72, "part_a_rows": {"w64": 0.8933, "w72": 0.9401, "w80": 0.8852, "w88": 0.9997}, "part_b": {"gain": -0.4073, "ci": [-0.4246, -0.3888], "ramp@1e-3_2knot": 0.4174, "ramp@1e-3_1knot": 0.8247, "dz": 1.0, "ramp@5e-2": 0.9982, "G_B1H2": false, "knots": {"learned_a1": 1.0066529512405396, "learned_k1": 1.5028828382492065, "learned_a2": -0.019751232117414474, "learned_k2": 3.0885517597198486}}, "vram_mb": 123.5, "elapsed_s": 283.3}

guard receipt: /home/eileen/projects/quilt-gpu-lab/results/b1h/guard/g7-wr-b1h-coda-1790908561.json valid=True OK (exit 0): /home/eileen/projects/quilt-gpu-lab/results/b1h/guard/g7-wr-b1h-coda-1790908561.json is a valid g7-watt-receipt@1 watt-receipt
ENERGY: 1.4202688055555557 Wh (5112.9677 J); gate={'rule': 'no receipt → run VOID', 'verdict': 'PASS'}
