preflight: free 1818 MiB temp 72 C
{
 "task": "D2-FIRST-BUILD-twins",
 "device": "NVIDIA GeForce RTX 4050 Laptop GPU",
 "seed_root": 2718,
 "seeds": [
  2718,
  2719,
  2720
 ],
 "n_train_worlds": 12,
 "n_test_worlds": 4,
 "sockets": [
  "reflex.orient",
  "memory.episodic"
 ],
 "conditions": [
  "real",
  "sim",
  "sim-mis"
 ],
 "n_trainings": 18,
 "f6": {
  "reflex.orient": {
   "x": [
    0.0,
    0.0
   ],
   "y": [
    0.0,
    0.0
   ],
   "sal": [
    0.0,
    0.0
   ],
   "food": [
    0.0,
    0.0
   ],
   "flicked": [
    1.5095702110556886e-07,
    1.5095702110556886e-07
   ],
   "en": [
    0.0,
    0.0
   ],
   "ringLen": [
    5.5594329412888365e-33,
    5.5594329412888365e-33
   ],
   "p_act": [
    9.28132137117954e-13,
    9.28132137117954e-13
   ],
   "p_food": [
    0.0,
    0.0
   ]
  },
  "memory.episodic": {
   "x": [
    0.0,
    0.0
   ],
   "y": [
    0.0,
    0.0
   ],
   "sal": [
    0.0,
    0.0
   ],
   "food": [
    0.0,
    0.0
   ],
   "flicked": [
    1.5095702110556886e-07,
    1.5095702110556886e-07
   ],
   "en": [
    0.0,
    0.0
   ],
   "ringLen": [
    5.5594329412888365e-33,
    5.5594329412888365e-33
   ],
   "p_act": [
    9.28132137117954e-13,
    9.28132137117954e-13
   ],
   "p_food": [
    0.0,
    0.0
   ]
  }
 },
 "f6_bookable": true,
 "f6_sim_rejects": true,
 "results": {
  "reflex.orient": {
   "real": {
    "seed_errs": [
     0.004004,
     0.002753,
     0.003754
    ],
    "mean": 0.003503503503503504,
    "std": 0.0005406023271945162,
    "seed_std_zero": false
   },
   "sim": {
    "seed_errs": [
     0.454204,
     0.182182,
     0.533534
    ],
    "mean": 0.3899733066399733,
    "std": 0.15045741186026745,
    "seed_std_zero": false
   },
   "sim-mis": {
    "seed_errs": [
     0.470971,
     0.486987,
     0.44995
    ],
    "mean": 0.46930263596930266,
    "std": 0.015166257160311659,
    "seed_std_zero": false
   },
   "gap_sim": 0.38646980313646984,
   "gap_mis": 0.4657991324657992,
   "gap_mis_widens": true
  },
  "memory.episodic": {
   "real": {
    "seed_errs": [
     0.204503,
     0.179223,
     0.262769
    ],
    "mean": 0.2154984474182129,
    "std": 0.034982117693928574,
    "seed_std_zero": false
   },
   "sim": {
    "seed_errs": [
     1.467456,
     1.733711,
     1.449958
    ],
    "mean": 1.5503751834233601,
    "std": 0.12983483628006542,
    "seed_std_zero": false
   },
   "sim-mis": {
    "seed_errs": [
     1.848429,
     2.121564,
     2.379807
    ],
    "mean": 2.116599957148234,
    "std": 0.21696276212013835,
    "seed_std_zero": false
   },
   "gap_sim": 1.3348767360051472,
   "gap_mis": 1.901101509730021,
   "gap_mis_widens": true
  }
 }
}
GPU-SEED-LAW zero-std sockets: none

guard summary: {"samples": 15, "min_free_vram_mib": 1218, "max_temp_c": 76, "breach": null, "timed_out": false, "g7": {"wall_seconds": 74.394, "power_samples": 14, "mean_power_w": 47.14, "joules": 3506.7611, "watt_hours": 0.9741003055555556, "gpu_seconds": 55.092, "util_samples": 14, "windows": 1}, "task_id": "D2-firstbuild-twins"}
receipt: /home/eileen/projects/quilt-gpu-lab/results/d2_build/g7/g7-wr-d2-firstbuild-twins-1790895965.json energy: {"joules": 3506.7611, "watt_hours": 0.9741003055555556, "source": "measured", "sampling_method": "nvidia-smi --query-gpu=power.draw,utilization.gpu on the guard's poll thread every 5s across the run window under guard; integral = mean_power_W x wall_seconds; idle floor NOT subtracted \u2014 receipt reports the whole window the job held the GPU (WSL2 NVML)", "instrument": "nvidia-smi (NVML power.draw counters) on the WSL2 host", "derivation": null}
