{
  "verdict": "REFUTED",
  "overall_pp": 0.01,
  "cells_fresh_wins_gt2pp": 0,
  "n_primary_cells": 24,
  "worst_cell_pp": 0.0,
  "per_cell_pp": {
    "(0.2, 1, 0.5, 1)": 0.0,
    "(0.2, 1, 0.5, 4)": 0.0,
    "(0.2, 1, 1.0, 1)": 0.0,
    "(0.2, 1, 1.0, 4)": 0.0,
    "(0.2, -1, 0.5, 1)": 0.0,
    "(0.2, -1, 0.5, 4)": 0.0,
    "(0.2, -1, 1.0, 1)": 0.0,
    "(0.2, -1, 1.0, 4)": 0.0,
    "(0.5, 1, 0.5, 1)": 0.0,
    "(0.5, 1, 0.5, 4)": 0.17,
    "(0.5, 1, 1.0, 1)": 0.0,
    "(0.5, 1, 1.0, 4)": 0.0,
    "(0.5, -1, 0.5, 1)": 0.0,
    "(0.5, -1, 0.5, 4)": 0.0,
    "(0.5, -1, 1.0, 1)": 0.0,
    "(0.5,
WROTE /home/eileen/projects/quilt-gpu-lab/results/w5a_reobserve_vs_trace/results.json
