inner rc=0
[env] device=cuda NVIDIA GeForce RTX 4050 Laptop GPU torch=2.14.0+cu126 smoke=False
[trace   0] ticks=869 closed=True
[trace  40] ticks=1177 closed=True
[trace  80] ticks=619 closed=True
[trace 120] ticks=1200 closed=False
[trace 160] ticks=692 closed=True
[trace 200] ticks=1200 closed=False
[label   0] n=1738
[label  40] n=2354
[label  80] n=1238
[label 120] n=2400
[label 160] n=1384
[label 200] n=2400
[data] train=366346 holdout=90930
[C4] {"vs_b1c": {"ok": true, "shape_match": true, "max_abs_dX": 0.0, "max_abs_dY": 0.0, "max_abs_dMETA": 0.0}, "vs_b1e": {"ok": true, "shape_match": true, "max_abs_dX": 0.0, "max_abs_dY": 0.0, "max_abs_dMETA": 0.0}, "vs_runB": {"ok": true, "shape_match": true, "max_abs_dX": 0.0, "max_abs_dY": 0.0, "max_abs_dMETA": 0.0}, "vs_b1": {"ok": true, "shape_match": true, "max_abs_dX": 0.0, "max_abs_dY": 0.0, "m
[C1 laweq] {'ok': True, 'n': 4000, 'max_abs_diff': 0, 'n_diff': 0}
[reweight] train freq={'clamp': 0.0017, 'deadzone': 0.069, 'saturation': 0.8954, 'ramp': 0.034} mean_w={'clamp': 9.838, 'deadzone': 4.756, 'saturation': 0.366, 'ramp': 9.651}
[atoms] train deadzone=25261 ramp=12448
[reuse anchor_cap128 2718] loaded model_anchor_cap128_seed2718_ep40.pt
[reuse anchor_cap128 2719] loaded model_anchor_cap128_seed2719_ep40.pt
[reuse anchor_cap128 2720] loaded model_anchor_cap128_seed2720_ep40.pt
[train linear_plain_w80     2718] 0.14653 -> 7.2728e-05 (13361p, deployed_mse)
[train linear_plain_w80     2719] 0.16742 -> 0.00069537 (13361p, deployed_mse)
[train linear_plain_w80     2720] 0.13906 -> 0.00048092 (13361p, deployed_mse)
[train linear_plain_w96     2718] 0.14376 -> 3.9326e-05 (19105p, deployed_mse)
[train linear_plain_w96     2719] 0.13416 -> 5.7804e-05 (19105p, deployed_mse)
[train linear_plain_w96     2720] 0.12349 -> 8.8801e-05 (19105p, deployed_mse)
[train linear_reweight_w80  2718] 0.094979 -> 0.00013311 (13361p, weighted_deployed_mse)
[train linear_reweight_w80  2719] 0.1046 -> 0.00037176 (13361p, weighted_deployed_mse)
[train linear_reweight_w80  2720] 0.093237 -> 0.00017525 (13361p, weighted_deployed_mse)
[train hybridv2_w64         2718] 3.3826 -> 0.019037 (8773p, deployed_mse) [atom a=0.966 k=1.375]
[train hybridv2_w64         2719] 3.1948 -> 0.01604 (8773p, deployed_mse) [atom a=0.963 k=1.417]
[train hybridv2_w64         2720] 3.9662 -> 0.017146 (8773p, deployed_mse) [atom a=0.963 k=1.353]
[regions] {"clamp": 0.0013, "deadzone": 0.078, "saturation": 0.8839, "ramp": 0.0369}
[gate linear_plain_w80    ] arm     dz=0.8496±0.1132 ramp=0.6961±0.1702 sat=0.9953 agg=0.9729 -> FAIL
[gate linear_plain_w96    ] arm     dz=0.9979±0.0010 ramp=0.9617±0.0054 sat=0.9998 agg=0.9982 -> PASS
[gate linear_reweight_w80 ] arm     dz=0.9917±0.0118 ramp=0.9656±0.0484 sat=0.9999 agg=0.9980 -> PASS
[gate hybridv2_w64        ] arm     dz=0.9848±0.0195 ramp=0.2930±0.0804 sat=0.9966 agg=0.9697 -> FAIL
[gate anchor_cap128       ] CONTROL dz=0.9957±0.0061 ramp=0.9186±0.1109 sat=0.9992 agg=0.9959 -> PASS
[C6 anchor repro vs B1C] max|Δ|=0.00005 ok=True
[C7 anchor vs B1D booked] max|Δ|=0 ok=True
RESULT {"verdict": "KEEP", "crossing": "CROSSING = 96 (plain linear head, 40ep)", "reweight_w80": {"verdict": "PASS", "ramp": 0.9656, "clears": true}, "interface": {"reading": "REPRESENTATIONAL", "stmt": "the ramp resists the ramp atom gate; the ramp is genuinely representational at 40ep", "dz": 0.9848, "ramp": 0.293}, "ramp_only_best": "linear_reweight_w80", "passing": ["linear_plain_w96", "linear_reweight_w80"], "vram_mb": 121.8, "elapsed_s": 271.3}

guard receipt: results/b1f/guard/g7-wr-b1f-crossing-and-ramp-in-1790902708.json valid=True OK (exit 0): results/b1f/guard/g7-wr-b1f-crossing-and-ramp-in-1790902708.json is a valid g7-watt-receipt@1 watt-receipt
ENERGY: 3.7494253333333334 Wh (13497.9312 J); gate={'rule': 'no receipt → run VOID', 'verdict': 'PASS'}
