inner rc=0
[env] device=cuda NVIDIA GeForce RTX 4050 Laptop GPU torch=2.14.0+cu126 smoke=False
[trace   0] ticks=869 closed=True
[trace  40] ticks=1177 closed=True
[trace  80] ticks=619 closed=True
[trace 120] ticks=1200 closed=False
[trace 160] ticks=692 closed=True
[trace 200] ticks=1200 closed=False
[label   0] n=1738
[label  40] n=2354
[label  80] n=1238
[label 120] n=2400
[label 160] n=1384
[label 200] n=2400
[data] train=366346 holdout=90930
[C4] {"vs_b1c": {"ok": true, "shape_match": true, "max_abs_dX": 0.0, "max_abs_dY": 0.0, "max_abs_dMETA": 0.0}, "vs_runB": {"ok": true, "shape_match": true, "max_abs_dX": 0.0, "max_abs_dY": 0.0, "max_abs_dMETA": 0.0}, "vs_b1": {"ok": true, "shape_match": true, "max_abs_dX": 0.0, "max_abs_dY": 0.0, "max_abs_dMETA": 0.0}}
[C1 laweq] {'ok': True, 'n': 4000, 'max_abs_diff': 0, 'n_diff': 0}
[reweight] train freq={'clamp': 0.0017, 'deadzone': 0.069, 'saturation': 0.8954, 'ramp': 0.034} mean_w={'clamp': 9.838, 'deadzone': 4.756, 'saturation': 0.366, 'ramp': 9.651}
[reuse anchor_cap128  2718] loaded
[reuse anchor_cap128  2719] loaded
[reuse anchor_cap128  2720] loaded
[reuse plain_w24      2718] loaded
[reuse plain_w24      2719] loaded
[reuse plain_w24      2720] loaded
[reuse plain_w32      2718] loaded
[reuse plain_w32      2719] loaded
[reuse plain_w32      2720] loaded
[reuse plain_w48      2718] loaded
[reuse plain_w48      2719] loaded
[reuse plain_w48      2720] loaded
[reuse plain_w64      2718] loaded
[reuse plain_w64      2719] loaded
[reuse plain_w64      2720] loaded
[reuse reweight_w24   2718] loaded
[reuse reweight_w24   2719] loaded
[reuse reweight_w24   2720] loaded
[reuse reweight_w32   2718] loaded
[reuse reweight_w32   2719] loaded
[reuse reweight_w32   2720] loaded
[reuse reweight_w48   2718] loaded
[reuse reweight_w48   2719] loaded
[reuse reweight_w48   2720] loaded
[reuse reweight_w64   2718] loaded
[reuse reweight_w64   2719] loaded
[reuse reweight_w64   2720] loaded
[regions] {"clamp": 0.0013, "deadzone": 0.078, "saturation": 0.8839, "ramp": 0.0369}
[gate anchor_cap128 ] dz=0.9957±0.0061 ramp=0.9186±0.1109 sat=0.9992 agg=0.9959 -> PASS
[gate plain_w24     ] dz=0.1692±0.0107 ramp=0.1733±0.0109 sat=0.9421 agg=0.8536 -> FAIL
[gate plain_w32     ] dz=0.1712±0.0136 ramp=0.1744±0.0131 sat=0.9417 agg=0.8534 -> FAIL
[gate plain_w48     ] dz=0.3295±0.1915 ramp=0.2415±0.0640 sat=0.9615 agg=0.8857 -> FAIL
[gate plain_w64     ] dz=0.2441±0.1213 ramp=0.2137±0.0407 sat=0.9525 agg=0.8701 -> FAIL
[gate reweight_w24  ] dz=0.2055±0.0033 ramp=0.1539±0.0021 sat=0.8856 agg=0.8058 -> FAIL
[gate reweight_w32  ] dz=0.2628±0.0712 ramp=0.2467±0.1001 sat=0.9144 agg=0.8390 -> FAIL
[gate reweight_w48  ] dz=0.6965±0.3464 ramp=0.5139±0.2776 sat=0.9587 agg=0.9219 -> FAIL
[gate reweight_w64  ] dz=0.5275±0.3338 ramp=0.4288±0.3514 sat=0.9392 agg=0.8884 -> FAIL
[C6 anchor repro] max|Δ|=0.0000 ok=True
[gate hybrid_w64    ] dz=0.9998±0.0002 ramp=0.8042±0.1290 -> FAIL
RESULT {"verdict": "PARTIAL", "floor": {"plain": null, "reweight": null}, "floor_statement": "NOT reached at 40ep for widths <= 64 (floor > 64)", "passing_sweep": [], "anchor": "PASS", "mech": ["w48", "w64"], "hybrid": "FAIL", "vram_mb": 104.7, "elapsed_s": 30.8}

guard receipt: /home/eileen/projects/quilt-gpu-lab/results/b1d/guard/g7-wr-b1d-capacity-floor-1790901166.json valid=True OK (exit 0): /home/eileen/projects/quilt-gpu-lab/results/b1d/guard/g7-wr-b1d-capacity-floor-1790901166.json is a valid g7-watt-receipt@1 watt-receipt
ENERGY: 0.4151972222222222 Wh (1494.71 J); gate={'rule': 'no receipt → run VOID', 'verdict': 'PASS'}
